// Jest Snapshot v1, https://goo.gl/fbAQLP

exports[`it renders and matches with snaphot 1`] = `
<DocumentFragment>
  <form>
    <label
      for="task"
    >
      New Todo Task:
    </label>
    <input
      id="task"
      name="task"
      type="text"
      value=""
    />
    <button>
      Add task!
    </button>
  </form>
</DocumentFragment>
`;
