// Jest Snapshot v1, https://goo.gl/fbAQLP

exports[`it renders and matches with snaphot 1`] = `
<DocumentFragment>
  <div
    class="Box"
  />
  <button>
    X
  </button>
</DocumentFragment>
`;
